C:\Users\tariqmuh\Documents\GitHub\XPS_VmodCam\IP1_VideoIn\implementation\system.ngc 1392837061
C:/Users/tariqmuh/Documents/GitHub/XPS_VmodCam/IP1_VideoIn/implementation/system_vmodcam_0_wrapper.ngc 1392836983
C:/Users/tariqmuh/Documents/GitHub/XPS_VmodCam/IP1_VideoIn/implementation/system_rs232_uart_1_wrapper.ngc 1392836837
C:/Users/tariqmuh/Documents/GitHub/XPS_VmodCam/IP1_VideoIn/implementation/system_proc_sys_reset_0_wrapper.ngc 1392836511
C:/Users/tariqmuh/Documents/GitHub/XPS_VmodCam/IP1_VideoIn/implementation/system_pll_module_0_wrapper.ngc 1392836523
C:/Users/tariqmuh/Documents/GitHub/XPS_VmodCam/IP1_VideoIn/implementation/system_clock_generator_0_wrapper.ngc 1392836952
C:/Users/tariqmuh/Documents/GitHub/XPS_VmodCam/IP1_VideoIn/implementation/system_microblaze_0_ilmb_wrapper.ngc 1392836930
C:/Users/tariqmuh/Documents/GitHub/XPS_VmodCam/IP1_VideoIn/implementation/system_microblaze_0_dlmb_wrapper.ngc 1392836937
C:/Users/tariqmuh/Documents/GitHub/XPS_VmodCam/IP1_VideoIn/implementation/system_mcb_ddr2_wrapper.ngc 1392836975
C:/Users/tariqmuh/Documents/GitHub/XPS_VmodCam/IP1_VideoIn/implementation/system_axi4lite_0_wrapper.ngc 1392836960
C:/Users/tariqmuh/Documents/GitHub/XPS_VmodCam/IP1_VideoIn/implementation/system_axi4_0_wrapper.ngc 1392836968
C:/Users/tariqmuh/Documents/GitHub/XPS_VmodCam/IP1_VideoIn/implementation/system_microblaze_0_wrapper.ngc 1392836945
C:/Users/tariqmuh/Documents/GitHub/XPS_VmodCam/IP1_VideoIn/implementation/system_hdmi_out_0_wrapper.ngc 1392836740
C:/Users/tariqmuh/Documents/GitHub/XPS_VmodCam/IP1_VideoIn/implementation/system_microblaze_0_i_bram_ctrl_wrapper.ngc 1392836545
C:/Users/tariqmuh/Documents/GitHub/XPS_VmodCam/IP1_VideoIn/implementation/system_microblaze_0_d_bram_ctrl_wrapper.ngc 1392836568
C:/Users/tariqmuh/Documents/GitHub/XPS_VmodCam/IP1_VideoIn/implementation/system_debug_module_wrapper.ngc 1392836757
C:/Users/tariqmuh/Documents/GitHub/XPS_VmodCam/IP1_VideoIn/implementation/system_microblaze_0_bram_block_wrapper.ngc 1392836582
OK
