--------------------------------------------------------------------------------
Release 14.2 Trace  (nt64)
Copyright (c) 1995-2012 Xilinx, Inc.  All rights reserved.

C:\Xilinx\14.2\ISE_DS\ISE\bin\nt64\unwrapped\trce.exe -e 3 -xml system.twx
system.ncd system.pcf

Design file:              system.ncd
Physical constraint file: system.pcf
Device,package,speed:     xc6slx45,csg324,C,-3 (PRODUCTION 1.22 2012-07-09)
Report level:             error report

Environment Variable      Effect 
--------------------      ------ 
NONE                      No environment variables were set
--------------------------------------------------------------------------------

WARNING:Timing:3223 - Timing constraint PATH 
   "TS_TIG_MCB_DDR2_CALIB_DONE_SYNCH_path" TIG; ignored during timing analysis.
INFO:Timing:3386 - Intersecting Constraints found and resolved.  For more 
   information, see the TSI report.  Please consult the Xilinx Command Line 
   Tools User Guide for information on generating a TSI report.
INFO:Timing:3412 - To improve timing, see the Timing Closure User Guide (UG612).
INFO:Timing:2752 - To get complete path coverage, use the unconstrained paths 
   option. All paths that are not constrained will be reported in the 
   unconstrained paths section(s) of the report.
INFO:Timing:3339 - The clock-to-out numbers in this timing report are based on 
   a 50 Ohm transmission line loading model.  For the details of this model, 
   and for more information on accounting for different loading conditions, 
   please see the device datasheet.

================================================================================
Timing constraint: PATH "TS_TIG_microblaze_0_Reset_path" TIG;

 3 paths analyzed, 3 endpoints analyzed, 0 failing endpoints
 0 timing errors detected. (0 setup errors, 0 hold errors)
--------------------------------------------------------------------------------

================================================================================
Timing constraint: PATH "TS_axi4_0_reset_resync_path" TIG;

 8 paths analyzed, 8 endpoints analyzed, 0 failing endpoints
 0 timing errors detected. (0 setup errors, 0 hold errors)
--------------------------------------------------------------------------------

================================================================================
Timing constraint: PATH "TS_axi4lite_0_reset_resync_path" TIG;

 8 paths analyzed, 8 endpoints analyzed, 0 failing endpoints
 0 timing errors detected. (0 setup errors, 0 hold errors)
--------------------------------------------------------------------------------

================================================================================
Timing constraint: PATH "TS_TIG_MCB_DDR2_CALIB_DONE_SYNCH_path" TIG;

 0 paths analyzed, 0 endpoints analyzed, 0 failing endpoints
 0 timing errors detected.
--------------------------------------------------------------------------------

================================================================================
Timing constraint: PATH "TS_TIG_MCB_DDR2_SYS_RST_SYNCH_path" TIG;

 1 path analyzed, 1 endpoint analyzed, 0 failing endpoints
 0 timing errors detected. (0 setup errors, 0 hold errors)
--------------------------------------------------------------------------------

================================================================================
Timing constraint: PATH "TS_TIG_microblaze_0_dlmb_POR_FF_I_path" TIG;

 1 path analyzed, 1 endpoint analyzed, 0 failing endpoints
 0 timing errors detected. (0 setup errors, 0 hold errors)
--------------------------------------------------------------------------------

================================================================================
Timing constraint: PATH "TS_TIG_microblaze_0_ilmb_POR_FF_I_path" TIG;

 1 path analyzed, 1 endpoint analyzed, 0 failing endpoints
 0 timing errors detected. (0 setup errors, 0 hold errors)
--------------------------------------------------------------------------------

================================================================================
Timing constraint: TS_sys_clk_pin = PERIOD TIMEGRP "sys_clk_pin" 100 MHz HIGH 
50%;
For more information, see Period Analysis in the Timing Closure User Guide (UG612).

 0 paths analyzed, 0 endpoints analyzed, 0 failing endpoints
 0 timing errors detected. (0 component switching limit errors)
 Minimum period is   3.334ns.
--------------------------------------------------------------------------------

================================================================================
Timing constraint: TS_CAMA_PCLK_I = PERIOD TIMEGRP "CAMA_PCLK_I" 80 MHz HIGH 
50%;
For more information, see Period Analysis in the Timing Closure User Guide (UG612).

 626 paths analyzed, 440 endpoints analyzed, 0 failing endpoints
 0 timing errors detected. (0 setup errors, 0 hold errors, 0 component switching limit errors)
 Minimum period is   3.844ns.
--------------------------------------------------------------------------------

================================================================================
Timing constraint: TS_CAMB_PCLK_I = PERIOD TIMEGRP "CAMB_PCLK_I" 80 MHz HIGH 
50%;
For more information, see Period Analysis in the Timing Closure User Guide (UG612).

 578 paths analyzed, 438 endpoints analyzed, 0 failing endpoints
 0 timing errors detected. (0 setup errors, 0 hold errors, 0 component switching limit errors)
 Minimum period is   5.070ns.
--------------------------------------------------------------------------------

================================================================================
Timing constraint: TS_clock_generator_0_clock_generator_0_SIG_PLL0_CLKOUT3 = 
PERIOD TIMEGRP         "clock_generator_0_clock_generator_0_SIG_PLL0_CLKOUT3" 
TS_sys_clk_pin         * 0.24 HIGH 50%;
For more information, see Period Analysis in the Timing Closure User Guide (UG612).

 6084 paths analyzed, 1468 endpoints analyzed, 0 failing endpoints
 0 timing errors detected. (0 setup errors, 0 hold errors, 0 component switching limit errors)
 Minimum period is   5.804ns.
--------------------------------------------------------------------------------

================================================================================
Timing constraint: TS_clk_600_0000MHz180PLL0_nobuf = PERIOD TIMEGRP         
"clk_600_0000MHz180PLL0_nobuf" TS_sys_clk_pin * 6 PHASE 0.833333333 ns         
HIGH 50%;
For more information, see Period Analysis in the Timing Closure User Guide (UG612).

 0 paths analyzed, 0 endpoints analyzed, 0 failing endpoints
 0 timing errors detected. (0 component switching limit errors)
 Minimum period is   1.499ns.
--------------------------------------------------------------------------------

================================================================================
Timing constraint: TS_clock_generator_0_clock_generator_0_SIG_PLL0_CLKOUT5 = 
PERIOD TIMEGRP         "clock_generator_0_clock_generator_0_SIG_PLL0_CLKOUT5" 
TS_sys_clk_pin         * 0.25 HIGH 50%;
For more information, see Period Analysis in the Timing Closure User Guide (UG612).

 0 paths analyzed, 0 endpoints analyzed, 0 failing endpoints
 0 timing errors detected. (0 component switching limit errors)
 Minimum period is  10.000ns.
--------------------------------------------------------------------------------

================================================================================
Timing constraint: TS_clk_600_0000MHzPLL0_nobuf = PERIOD TIMEGRP 
"clk_600_0000MHzPLL0_nobuf"         TS_sys_clk_pin * 6 HIGH 50%;
For more information, see Period Analysis in the Timing Closure User Guide (UG612).

 0 paths analyzed, 0 endpoints analyzed, 0 failing endpoints
 0 timing errors detected. (0 component switching limit errors)
 Minimum period is   1.499ns.
--------------------------------------------------------------------------------

================================================================================
Timing constraint: TS_clock_generator_0_clock_generator_0_SIG_PLL0_CLKOUT4 = 
PERIOD TIMEGRP         "clock_generator_0_clock_generator_0_SIG_PLL0_CLKOUT4" 
TS_sys_clk_pin         * 0.24 PHASE 20.8333333 ns HIGH 50%;
For more information, see Period Analysis in the Timing Closure User Guide (UG612).

 0 paths analyzed, 0 endpoints analyzed, 0 failing endpoints
 0 timing errors detected. (0 component switching limit errors)
 Minimum period is   1.730ns.
--------------------------------------------------------------------------------

================================================================================
Timing constraint: TS_clock_generator_0_clock_generator_0_SIG_PLL0_CLKOUT2 = 
PERIOD TIMEGRP         "clock_generator_0_clock_generator_0_SIG_PLL0_CLKOUT2" 
TS_sys_clk_pin         HIGH 50%;
For more information, see Period Analysis in the Timing Closure User Guide (UG612).

 764436 paths analyzed, 27333 endpoints analyzed, 0 failing endpoints
 0 timing errors detected. (0 setup errors, 0 hold errors, 0 component switching limit errors)
 Minimum period is   9.917ns.
--------------------------------------------------------------------------------

================================================================================
Timing constraint: TS_pll_module_0_pll_module_0_CLKOUT1_BUF = PERIOD TIMEGRP    
     "pll_module_0_pll_module_0_CLKOUT1_BUF"         
TS_clock_generator_0_clock_generator_0_SIG_PLL0_CLKOUT5 HIGH 50%;
For more information, see Period Analysis in the Timing Closure User Guide (UG612).

 8299 paths analyzed, 1073 endpoints analyzed, 0 failing endpoints
 0 timing errors detected. (0 setup errors, 0 hold errors, 0 component switching limit errors)
 Minimum period is  30.356ns.
--------------------------------------------------------------------------------

================================================================================
Timing constraint: TS_pll_module_0_CLKOUT0 = PERIOD TIMEGRP 
"pll_module_0_CLKOUT0"         
TS_clock_generator_0_clock_generator_0_SIG_PLL0_CLKOUT5 * 10 HIGH 50%;
For more information, see Period Analysis in the Timing Closure User Guide (UG612).

 0 paths analyzed, 0 endpoints analyzed, 0 failing endpoints
 0 timing errors detected. (0 component switching limit errors)
--------------------------------------------------------------------------------

================================================================================
Timing constraint: TS_pll_module_0_pll_module_0_CLKOUT2_BUF = PERIOD TIMEGRP    
     "pll_module_0_pll_module_0_CLKOUT2_BUF"         
TS_clock_generator_0_clock_generator_0_SIG_PLL0_CLKOUT5 * 2 HIGH 50%;
For more information, see Period Analysis in the Timing Closure User Guide (UG612).

 269 paths analyzed, 149 endpoints analyzed, 0 failing endpoints
 0 timing errors detected. (0 setup errors, 0 hold errors, 0 component switching limit errors)
 Minimum period is   5.065ns.
--------------------------------------------------------------------------------

================================================================================
Timing constraint: OFFSET = IN 1.25 ns VALID 7.5 ns BEFORE COMP "CAMA_PCLK_I" 
"RISING";
For more information, see Offset In Analysis in the Timing Closure User Guide (UG612).

 17 paths analyzed, 17 endpoints analyzed, 0 failing endpoints
 0 timing errors detected. (0 setup errors, 0 hold errors)
 Minimum allowable offset is   1.039ns.
--------------------------------------------------------------------------------

================================================================================
Timing constraint: OFFSET = IN 1.25 ns VALID 7.5 ns BEFORE COMP "CAMB_PCLK_I" 
"RISING";
For more information, see Offset In Analysis in the Timing Closure User Guide (UG612).

 17 paths analyzed, 17 endpoints analyzed, 0 failing endpoints
 0 timing errors detected. (0 setup errors, 0 hold errors)
 Minimum allowable offset is   1.098ns.
--------------------------------------------------------------------------------


Derived Constraint Report
Derived Constraints for TS_sys_clk_pin
+-------------------------------+-------------+-------------+-------------+-------------+-------------+-------------+-------------+
|                               |   Period    |       Actual Period       |      Timing Errors        |      Paths Analyzed       |
|           Constraint          | Requirement |-------------+-------------|-------------+-------------|-------------+-------------|
|                               |             |   Direct    | Derivative  |   Direct    | Derivative  |   Direct    | Derivative  |
+-------------------------------+-------------+-------------+-------------+-------------+-------------+-------------+-------------+
|TS_sys_clk_pin                 |     10.000ns|      3.334ns|      9.917ns|            0|            0|            0|       779088|
| TS_clock_generator_0_clock_gen|     41.667ns|      5.804ns|          N/A|            0|            0|         6084|            0|
| erator_0_SIG_PLL0_CLKOUT3     |             |             |             |             |             |             |             |
| TS_clk_600_0000MHz180PLL0_nobu|      1.667ns|      1.499ns|          N/A|            0|            0|            0|            0|
| f                             |             |             |             |             |             |             |             |
| TS_clock_generator_0_clock_gen|     40.000ns|     10.000ns|     30.356ns|            0|            0|            0|         8568|
| erator_0_SIG_PLL0_CLKOUT5     |             |             |             |             |             |             |             |
|  TS_pll_module_0_pll_module_0_|     40.000ns|     30.356ns|          N/A|            0|            0|         8299|            0|
|  CLKOUT1_BUF                  |             |             |             |             |             |             |             |
|  TS_pll_module_0_CLKOUT0      |      4.000ns|          N/A|          N/A|            0|            0|            0|            0|
|  TS_pll_module_0_pll_module_0_|     20.000ns|      5.065ns|          N/A|            0|            0|          269|            0|
|  CLKOUT2_BUF                  |             |             |             |             |             |             |             |
| TS_clk_600_0000MHzPLL0_nobuf  |      1.667ns|      1.499ns|          N/A|            0|            0|            0|            0|
| TS_clock_generator_0_clock_gen|     41.667ns|      1.730ns|          N/A|            0|            0|            0|            0|
| erator_0_SIG_PLL0_CLKOUT4     |             |             |             |             |             |             |             |
| TS_clock_generator_0_clock_gen|     10.000ns|      9.917ns|          N/A|            0|            0|       764436|            0|
| erator_0_SIG_PLL0_CLKOUT2     |             |             |             |             |             |             |             |
+-------------------------------+-------------+-------------+-------------+-------------+-------------+-------------+-------------+

All constraints were met.


Data Sheet report:
-----------------
All values displayed in nanoseconds (ns)

Setup/Hold to clock CAMA_PCLK_I
------------+------------+------------+------------+------------+-------------------------------------+--------+
            |Max Setup to|  Process   |Max Hold to |  Process   |                                     | Clock  |
Source      | clk (edge) |   Corner   | clk (edge) |   Corner   |Internal Clock(s)                    | Phase  |
------------+------------+------------+------------+------------+-------------------------------------+--------+
CAMA_D_I<0> |    0.931(R)|      FAST  |    0.078(R)|      SLOW  |vmodcam_0/vmodcam_0/USER_LOGIC_I/CLKA|   0.000|
CAMA_D_I<1> |    0.819(R)|      FAST  |    0.190(R)|      SLOW  |vmodcam_0/vmodcam_0/USER_LOGIC_I/CLKA|   0.000|
CAMA_D_I<2> |    0.874(R)|      FAST  |    0.146(R)|      SLOW  |vmodcam_0/vmodcam_0/USER_LOGIC_I/CLKA|   0.000|
CAMA_D_I<3> |    1.039(R)|      FAST  |   -0.099(R)|      SLOW  |vmodcam_0/vmodcam_0/USER_LOGIC_I/CLKA|   0.000|
CAMA_D_I<4> |    1.035(R)|      FAST  |   -0.039(R)|      SLOW  |vmodcam_0/vmodcam_0/USER_LOGIC_I/CLKA|   0.000|
CAMA_D_I<5> |    0.610(R)|      FAST  |    0.531(R)|      SLOW  |vmodcam_0/vmodcam_0/USER_LOGIC_I/CLKA|   0.000|
CAMA_D_I<6> |    0.979(R)|      FAST  |   -0.016(R)|      SLOW  |vmodcam_0/vmodcam_0/USER_LOGIC_I/CLKA|   0.000|
CAMA_D_I<7> |    0.984(R)|      FAST  |    0.011(R)|      SLOW  |vmodcam_0/vmodcam_0/USER_LOGIC_I/CLKA|   0.000|
CAMA_LV_I   |    1.033(R)|      FAST  |    0.147(R)|      SLOW  |vmodcam_0/vmodcam_0/USER_LOGIC_I/CLKA|   0.000|
------------+------------+------------+------------+------------+-------------------------------------+--------+

Setup/Hold to clock CAMB_PCLK_I
------------+------------+------------+------------+------------+-------------------------------------+--------+
            |Max Setup to|  Process   |Max Hold to |  Process   |                                     | Clock  |
Source      | clk (edge) |   Corner   | clk (edge) |   Corner   |Internal Clock(s)                    | Phase  |
------------+------------+------------+------------+------------+-------------------------------------+--------+
CAMB_D_I<0> |    1.068(R)|      FAST  |   -0.136(R)|      SLOW  |vmodcam_0/vmodcam_0/USER_LOGIC_I/CLKB|   0.000|
CAMB_D_I<1> |    1.098(R)|      FAST  |   -0.192(R)|      SLOW  |vmodcam_0/vmodcam_0/USER_LOGIC_I/CLKB|   0.000|
CAMB_D_I<2> |    0.870(R)|      FAST  |    0.134(R)|      SLOW  |vmodcam_0/vmodcam_0/USER_LOGIC_I/CLKB|   0.000|
CAMB_D_I<3> |    0.733(R)|      FAST  |    0.340(R)|      SLOW  |vmodcam_0/vmodcam_0/USER_LOGIC_I/CLKB|   0.000|
CAMB_D_I<4> |    0.774(R)|      FAST  |    0.319(R)|      SLOW  |vmodcam_0/vmodcam_0/USER_LOGIC_I/CLKB|   0.000|
CAMB_D_I<5> |    0.706(R)|      FAST  |    0.414(R)|      SLOW  |vmodcam_0/vmodcam_0/USER_LOGIC_I/CLKB|   0.000|
CAMB_D_I<6> |    0.920(R)|      FAST  |    0.021(R)|      SLOW  |vmodcam_0/vmodcam_0/USER_LOGIC_I/CLKB|   0.000|
CAMB_D_I<7> |    0.732(R)|      FAST  |    0.294(R)|      SLOW  |vmodcam_0/vmodcam_0/USER_LOGIC_I/CLKB|   0.000|
CAMB_LV_I   |    0.961(R)|      FAST  |    0.223(R)|      SLOW  |vmodcam_0/vmodcam_0/USER_LOGIC_I/CLKB|   0.000|
------------+------------+------------+------------+------------+-------------------------------------+--------+

Clock to Setup on destination clock CAMA_PCLK_I
---------------+---------+---------+---------+---------+
               | Src:Rise| Src:Fall| Src:Rise| Src:Fall|
Source Clock   |Dest:Rise|Dest:Rise|Dest:Fall|Dest:Fall|
---------------+---------+---------+---------+---------+
CAMA_PCLK_I    |    3.844|         |         |         |
---------------+---------+---------+---------+---------+

Clock to Setup on destination clock CAMB_PCLK_I
---------------+---------+---------+---------+---------+
               | Src:Rise| Src:Fall| Src:Rise| Src:Fall|
Source Clock   |Dest:Rise|Dest:Rise|Dest:Fall|Dest:Fall|
---------------+---------+---------+---------+---------+
CAMB_PCLK_I    |    5.070|         |         |         |
---------------+---------+---------+---------+---------+

Clock to Setup on destination clock GCLK
---------------+---------+---------+---------+---------+
               | Src:Rise| Src:Fall| Src:Rise| Src:Fall|
Source Clock   |Dest:Rise|Dest:Rise|Dest:Fall|Dest:Fall|
---------------+---------+---------+---------+---------+
GCLK           |    9.965|         |         |         |
---------------+---------+---------+---------+---------+

OFFSET = IN 1.25 ns VALID 7.5 ns BEFORE COMP "CAMA_PCLK_I" "RISING";
Worst Case Data Window 1.570; Ideal Clock Offset To Actual Clock 2.754; 
------------------+------------+------------+------------+------------+---------+---------+-------------+
                  |            |  Process   |            |  Process   |  Setup  |  Hold   |Source Offset|
Source            |   Setup    |   Corner   |    Hold    |   Corner   |  Slack  |  Slack  |  To Center  |
------------------+------------+------------+------------+------------+---------+---------+-------------+
CAMA_D_I<0>       |    0.931(R)|      FAST  |    0.078(R)|      SLOW  |    0.319|    6.172|       -2.927|
CAMA_D_I<1>       |    0.819(R)|      FAST  |    0.190(R)|      SLOW  |    0.431|    6.060|       -2.814|
CAMA_D_I<2>       |    0.874(R)|      FAST  |    0.146(R)|      SLOW  |    0.376|    6.104|       -2.864|
CAMA_D_I<3>       |    1.039(R)|      FAST  |   -0.099(R)|      SLOW  |    0.211|    6.349|       -3.069|
CAMA_D_I<4>       |    1.035(R)|      FAST  |   -0.039(R)|      SLOW  |    0.215|    6.289|       -3.037|
CAMA_D_I<5>       |    0.610(R)|      FAST  |    0.531(R)|      SLOW  |    0.640|    5.719|       -2.540|
CAMA_D_I<6>       |    0.979(R)|      FAST  |   -0.016(R)|      SLOW  |    0.271|    6.266|       -2.998|
CAMA_D_I<7>       |    0.984(R)|      FAST  |    0.011(R)|      SLOW  |    0.266|    6.239|       -2.987|
CAMA_LV_I         |    1.033(R)|      FAST  |    0.147(R)|      SLOW  |    0.217|    6.103|       -2.943|
------------------+------------+------------+------------+------------+---------+---------+-------------+
Worst Case Summary|       1.039|         -  |       0.531|         -  |    0.211|    5.719|             |
------------------+------------+------------+------------+------------+---------+---------+-------------+

OFFSET = IN 1.25 ns VALID 7.5 ns BEFORE COMP "CAMB_PCLK_I" "RISING";
Worst Case Data Window 1.512; Ideal Clock Offset To Actual Clock 2.842; 
------------------+------------+------------+------------+------------+---------+---------+-------------+
                  |            |  Process   |            |  Process   |  Setup  |  Hold   |Source Offset|
Source            |   Setup    |   Corner   |    Hold    |   Corner   |  Slack  |  Slack  |  To Center  |
------------------+------------+------------+------------+------------+---------+---------+-------------+
CAMB_D_I<0>       |    1.068(R)|      FAST  |   -0.136(R)|      SLOW  |    0.182|    6.386|       -3.102|
CAMB_D_I<1>       |    1.098(R)|      FAST  |   -0.192(R)|      SLOW  |    0.152|    6.442|       -3.145|
CAMB_D_I<2>       |    0.870(R)|      FAST  |    0.134(R)|      SLOW  |    0.380|    6.116|       -2.868|
CAMB_D_I<3>       |    0.733(R)|      FAST  |    0.340(R)|      SLOW  |    0.517|    5.910|       -2.697|
CAMB_D_I<4>       |    0.774(R)|      FAST  |    0.319(R)|      SLOW  |    0.476|    5.931|       -2.728|
CAMB_D_I<5>       |    0.706(R)|      FAST  |    0.414(R)|      SLOW  |    0.544|    5.836|       -2.646|
CAMB_D_I<6>       |    0.920(R)|      FAST  |    0.021(R)|      SLOW  |    0.330|    6.229|       -2.950|
CAMB_D_I<7>       |    0.732(R)|      FAST  |    0.294(R)|      SLOW  |    0.518|    5.956|       -2.719|
CAMB_LV_I         |    0.961(R)|      FAST  |    0.223(R)|      SLOW  |    0.289|    6.027|       -2.869|
------------------+------------+------------+------------+------------+---------+---------+-------------+
Worst Case Summary|       1.098|         -  |       0.414|         -  |    0.152|    5.836|             |
------------------+------------+------------+------------+------------+---------+---------+-------------+


Timing summary:
---------------

Timing errors: 0  Score: 0  (Setup/Max: 0, Hold: 0)

Constraints cover 780348 paths, 0 nets, and 40845 connections

Design statistics:
   Minimum period:  30.356ns   (Maximum frequency:  32.942MHz)
   Minimum input required time before clock:   1.098ns


Analysis completed Wed Feb 19 14:25:56 2014 
--------------------------------------------------------------------------------

Trace Settings:
-------------------------
Trace Settings 

Peak Memory Usage: 452 MB



