--------------------------------------------------------------------------------
Release 14.2 Trace  (nt64)
Copyright (c) 1995-2012 Xilinx, Inc.  All rights reserved.

C:\Xilinx\14.2\ISE_DS\ISE\bin\nt64\unwrapped\trce.exe -e 3 -xml system.twx
system.ncd system.pcf

Design file:              system.ncd
Physical constraint file: system.pcf
Device,package,speed:     xc6slx45,csg324,C,-3 (PRODUCTION 1.22 2012-07-09)
Report level:             error report

Environment Variable      Effect 
--------------------      ------ 
NONE                      No environment variables were set
--------------------------------------------------------------------------------

WARNING:Timing:3223 - Timing constraint PATH 
   "TS_TIG_MCB_DDR2_CALIB_DONE_SYNCH_path" TIG; ignored during timing analysis.
INFO:Timing:3386 - Intersecting Constraints found and resolved.  For more 
   information, see the TSI report.  Please consult the Xilinx Command Line 
   Tools User Guide for information on generating a TSI report.
INFO:Timing:3412 - To improve timing, see the Timing Closure User Guide (UG612).
INFO:Timing:2752 - To get complete path coverage, use the unconstrained paths 
   option. All paths that are not constrained will be reported in the 
   unconstrained paths section(s) of the report.
INFO:Timing:3339 - The clock-to-out numbers in this timing report are based on 
   a 50 Ohm transmission line loading model.  For the details of this model, 
   and for more information on accounting for different loading conditions, 
   please see the device datasheet.

================================================================================
Timing constraint: PATH "TS_TIG_microblaze_0_Reset_path" TIG;

 3 paths analyzed, 3 endpoints analyzed, 0 failing endpoints
 0 timing errors detected. (0 setup errors, 0 hold errors)
--------------------------------------------------------------------------------

================================================================================
Timing constraint: PATH "TS_axi4_0_reset_resync_path" TIG;

 8 paths analyzed, 8 endpoints analyzed, 0 failing endpoints
 0 timing errors detected. (0 setup errors, 0 hold errors)
--------------------------------------------------------------------------------

================================================================================
Timing constraint: PATH "TS_axi4lite_0_reset_resync_path" TIG;

 8 paths analyzed, 8 endpoints analyzed, 0 failing endpoints
 0 timing errors detected. (0 setup errors, 0 hold errors)
--------------------------------------------------------------------------------

================================================================================
Timing constraint: PATH "TS_TIG_MCB_DDR2_CALIB_DONE_SYNCH_path" TIG;

 0 paths analyzed, 0 endpoints analyzed, 0 failing endpoints
 0 timing errors detected.
--------------------------------------------------------------------------------

================================================================================
Timing constraint: PATH "TS_TIG_MCB_DDR2_SYS_RST_SYNCH_path" TIG;

 1 path analyzed, 1 endpoint analyzed, 0 failing endpoints
 0 timing errors detected. (0 setup errors, 0 hold errors)
--------------------------------------------------------------------------------

================================================================================
Timing constraint: PATH "TS_TIG_microblaze_0_dlmb_POR_FF_I_path" TIG;

 1 path analyzed, 1 endpoint analyzed, 0 failing endpoints
 0 timing errors detected. (0 setup errors, 0 hold errors)
--------------------------------------------------------------------------------

================================================================================
Timing constraint: PATH "TS_TIG_microblaze_0_ilmb_POR_FF_I_path" TIG;

 1 path analyzed, 1 endpoint analyzed, 0 failing endpoints
 0 timing errors detected. (0 setup errors, 0 hold errors)
--------------------------------------------------------------------------------

================================================================================
Timing constraint: TS_sys_clk_pin = PERIOD TIMEGRP "sys_clk_pin" 100 MHz HIGH 
50%;
For more information, see Period Analysis in the Timing Closure User Guide (UG612).

 0 paths analyzed, 0 endpoints analyzed, 0 failing endpoints
 0 timing errors detected. (0 component switching limit errors)
 Minimum period is   3.334ns.
--------------------------------------------------------------------------------

================================================================================
Timing constraint: TS_CAMA_PCLK_I = PERIOD TIMEGRP "CAMA_PCLK_I" 80 MHz HIGH 
50%;
For more information, see Period Analysis in the Timing Closure User Guide (UG612).

 534 paths analyzed, 370 endpoints analyzed, 0 failing endpoints
 0 timing errors detected. (0 setup errors, 0 hold errors, 0 component switching limit errors)
 Minimum period is   6.318ns.
--------------------------------------------------------------------------------

================================================================================
Timing constraint: TS_CAMB_PCLK_I = PERIOD TIMEGRP "CAMB_PCLK_I" 80 MHz HIGH 
50%;
For more information, see Period Analysis in the Timing Closure User Guide (UG612).

 33 paths analyzed, 33 endpoints analyzed, 0 failing endpoints
 0 timing errors detected. (0 setup errors, 0 hold errors, 0 component switching limit errors)
 Minimum period is   2.467ns.
--------------------------------------------------------------------------------

================================================================================
Timing constraint: TS_clock_generator_0_clock_generator_0_SIG_PLL0_CLKOUT3 = 
PERIOD TIMEGRP         "clock_generator_0_clock_generator_0_SIG_PLL0_CLKOUT3" 
TS_sys_clk_pin         * 0.24 HIGH 50%;
For more information, see Period Analysis in the Timing Closure User Guide (UG612).

 6870 paths analyzed, 1402 endpoints analyzed, 0 failing endpoints
 0 timing errors detected. (0 setup errors, 0 hold errors, 0 component switching limit errors)
 Minimum period is   6.082ns.
--------------------------------------------------------------------------------

================================================================================
Timing constraint: TS_clk_600_0000MHz180PLL0_nobuf = PERIOD TIMEGRP         
"clk_600_0000MHz180PLL0_nobuf" TS_sys_clk_pin * 6 PHASE 0.833333333 ns         
HIGH 50%;
For more information, see Period Analysis in the Timing Closure User Guide (UG612).

 0 paths analyzed, 0 endpoints analyzed, 0 failing endpoints
 0 timing errors detected. (0 component switching limit errors)
 Minimum period is   1.499ns.
--------------------------------------------------------------------------------

================================================================================
Timing constraint: TS_clock_generator_0_clock_generator_0_SIG_PLL0_CLKOUT5 = 
PERIOD TIMEGRP         "clock_generator_0_clock_generator_0_SIG_PLL0_CLKOUT5" 
TS_sys_clk_pin         * 0.25 HIGH 50%;
For more information, see Period Analysis in the Timing Closure User Guide (UG612).

 0 paths analyzed, 0 endpoints analyzed, 0 failing endpoints
 0 timing errors detected. (0 component switching limit errors)
 Minimum period is  10.000ns.
--------------------------------------------------------------------------------

================================================================================
Timing constraint: TS_clk_600_0000MHzPLL0_nobuf = PERIOD TIMEGRP 
"clk_600_0000MHzPLL0_nobuf"         TS_sys_clk_pin * 6 HIGH 50%;
For more information, see Period Analysis in the Timing Closure User Guide (UG612).

 0 paths analyzed, 0 endpoints analyzed, 0 failing endpoints
 0 timing errors detected. (0 component switching limit errors)
 Minimum period is   1.499ns.
--------------------------------------------------------------------------------

================================================================================
Timing constraint: TS_clock_generator_0_clock_generator_0_SIG_PLL0_CLKOUT4 = 
PERIOD TIMEGRP         "clock_generator_0_clock_generator_0_SIG_PLL0_CLKOUT4" 
TS_sys_clk_pin         * 0.24 PHASE 20.8333333 ns HIGH 50%;
For more information, see Period Analysis in the Timing Closure User Guide (UG612).

 0 paths analyzed, 0 endpoints analyzed, 0 failing endpoints
 0 timing errors detected. (0 component switching limit errors)
 Minimum period is   1.730ns.
--------------------------------------------------------------------------------

================================================================================
Timing constraint: TS_clock_generator_0_clock_generator_0_SIG_PLL0_CLKOUT2 = 
PERIOD TIMEGRP         "clock_generator_0_clock_generator_0_SIG_PLL0_CLKOUT2" 
TS_sys_clk_pin         HIGH 50%;
For more information, see Period Analysis in the Timing Closure User Guide (UG612).

 742298 paths analyzed, 26234 endpoints analyzed, 0 failing endpoints
 0 timing errors detected. (0 setup errors, 0 hold errors, 0 component switching limit errors)
 Minimum period is   9.947ns.
--------------------------------------------------------------------------------

================================================================================
Timing constraint: TS_pll_module_0_pll_module_0_CLKOUT1_BUF = PERIOD TIMEGRP    
     "pll_module_0_pll_module_0_CLKOUT1_BUF"         
TS_clock_generator_0_clock_generator_0_SIG_PLL0_CLKOUT5 HIGH 50%;
For more information, see Period Analysis in the Timing Closure User Guide (UG612).

 8299 paths analyzed, 1077 endpoints analyzed, 0 failing endpoints
 0 timing errors detected. (0 setup errors, 0 hold errors, 0 component switching limit errors)
 Minimum period is  29.652ns.
--------------------------------------------------------------------------------

================================================================================
Timing constraint: TS_pll_module_0_CLKOUT0 = PERIOD TIMEGRP 
"pll_module_0_CLKOUT0"         
TS_clock_generator_0_clock_generator_0_SIG_PLL0_CLKOUT5 * 10 HIGH 50%;
For more information, see Period Analysis in the Timing Closure User Guide (UG612).

 0 paths analyzed, 0 endpoints analyzed, 0 failing endpoints
 0 timing errors detected. (0 component switching limit errors)
--------------------------------------------------------------------------------

================================================================================
Timing constraint: TS_pll_module_0_pll_module_0_CLKOUT2_BUF = PERIOD TIMEGRP    
     "pll_module_0_pll_module_0_CLKOUT2_BUF"         
TS_clock_generator_0_clock_generator_0_SIG_PLL0_CLKOUT5 * 2 HIGH 50%;
For more information, see Period Analysis in the Timing Closure User Guide (UG612).

 269 paths analyzed, 149 endpoints analyzed, 0 failing endpoints
 0 timing errors detected. (0 setup errors, 0 hold errors, 0 component switching limit errors)
 Minimum period is   5.121ns.
--------------------------------------------------------------------------------

================================================================================
Timing constraint: OFFSET = IN 1.25 ns VALID 7.5 ns BEFORE COMP "CAMA_PCLK_I" 
"RISING";
For more information, see Offset In Analysis in the Timing Closure User Guide (UG612).

 17 paths analyzed, 17 endpoints analyzed, 0 failing endpoints
 0 timing errors detected. (0 setup errors, 0 hold errors)
 Minimum allowable offset is   1.104ns.
--------------------------------------------------------------------------------

================================================================================
Timing constraint: OFFSET = IN 1.25 ns VALID 7.5 ns BEFORE COMP "CAMB_PCLK_I" 
"RISING";
For more information, see Offset In Analysis in the Timing Closure User Guide (UG612).

 17 paths analyzed, 17 endpoints analyzed, 0 failing endpoints
 0 timing errors detected. (0 setup errors, 0 hold errors)
 Minimum allowable offset is   1.108ns.
--------------------------------------------------------------------------------


Derived Constraint Report
Derived Constraints for TS_sys_clk_pin
+-------------------------------+-------------+-------------+-------------+-------------+-------------+-------------+-------------+
|                               |   Period    |       Actual Period       |      Timing Errors        |      Paths Analyzed       |
|           Constraint          | Requirement |-------------+-------------|-------------+-------------|-------------+-------------|
|                               |             |   Direct    | Derivative  |   Direct    | Derivative  |   Direct    | Derivative  |
+-------------------------------+-------------+-------------+-------------+-------------+-------------+-------------+-------------+
|TS_sys_clk_pin                 |     10.000ns|      3.334ns|      9.947ns|            0|            0|            0|       757736|
| TS_clock_generator_0_clock_gen|     41.667ns|      6.082ns|          N/A|            0|            0|         6870|            0|
| erator_0_SIG_PLL0_CLKOUT3     |             |             |             |             |             |             |             |
| TS_clk_600_0000MHz180PLL0_nobu|      1.667ns|      1.499ns|          N/A|            0|            0|            0|            0|
| f                             |             |             |             |             |             |             |             |
| TS_clock_generator_0_clock_gen|     40.000ns|     10.000ns|     29.652ns|            0|            0|            0|         8568|
| erator_0_SIG_PLL0_CLKOUT5     |             |             |             |             |             |             |             |
|  TS_pll_module_0_pll_module_0_|     40.000ns|     29.652ns|          N/A|            0|            0|         8299|            0|
|  CLKOUT1_BUF                  |             |             |             |             |             |             |             |
|  TS_pll_module_0_CLKOUT0      |      4.000ns|          N/A|          N/A|            0|            0|            0|            0|
|  TS_pll_module_0_pll_module_0_|     20.000ns|      5.121ns|          N/A|            0|            0|          269|            0|
|  CLKOUT2_BUF                  |             |             |             |             |             |             |             |
| TS_clk_600_0000MHzPLL0_nobuf  |      1.667ns|      1.499ns|          N/A|            0|            0|            0|            0|
| TS_clock_generator_0_clock_gen|     41.667ns|      1.730ns|          N/A|            0|            0|            0|            0|
| erator_0_SIG_PLL0_CLKOUT4     |             |             |             |             |             |             |             |
| TS_clock_generator_0_clock_gen|     10.000ns|      9.947ns|          N/A|            0|            0|       742298|            0|
| erator_0_SIG_PLL0_CLKOUT2     |             |             |             |             |             |             |             |
+-------------------------------+-------------+-------------+-------------+-------------+-------------+-------------+-------------+

All constraints were met.


Data Sheet report:
-----------------
All values displayed in nanoseconds (ns)

Setup/Hold to clock CAMA_PCLK_I
------------+------------+------------+------------+------------+------------------+--------+
            |Max Setup to|  Process   |Max Hold to |  Process   |                  | Clock  |
Source      | clk (edge) |   Corner   | clk (edge) |   Corner   |Internal Clock(s) | Phase  |
------------+------------+------------+------------+------------+------------------+--------+
CAMA_D_I<0> |    1.019(R)|      FAST  |   -0.090(R)|      SLOW  |vmodcam_0/CAMA_CLK|   0.000|
CAMA_D_I<1> |    0.891(R)|      FAST  |    0.068(R)|      SLOW  |vmodcam_0/CAMA_CLK|   0.000|
CAMA_D_I<2> |    0.920(R)|      FAST  |    0.064(R)|      SLOW  |vmodcam_0/CAMA_CLK|   0.000|
CAMA_D_I<3> |    0.909(R)|      FAST  |    0.095(R)|      SLOW  |vmodcam_0/CAMA_CLK|   0.000|
CAMA_D_I<4> |    0.969(R)|      FAST  |    0.031(R)|      SLOW  |vmodcam_0/CAMA_CLK|   0.000|
CAMA_D_I<5> |    1.030(R)|      FAST  |   -0.042(R)|      SLOW  |vmodcam_0/CAMA_CLK|   0.000|
CAMA_D_I<6> |    1.031(R)|      FAST  |   -0.121(R)|      SLOW  |vmodcam_0/CAMA_CLK|   0.000|
CAMA_D_I<7> |    1.104(R)|      FAST  |   -0.267(R)|      SLOW  |vmodcam_0/CAMA_CLK|   0.000|
CAMA_LV_I   |    0.833(R)|      FAST  |    0.067(R)|      SLOW  |vmodcam_0/CAMA_CLK|   0.000|
------------+------------+------------+------------+------------+------------------+--------+

Setup/Hold to clock CAMB_PCLK_I
------------+------------+------------+------------+------------+------------------------------------------------------+--------+
            |Max Setup to|  Process   |Max Hold to |  Process   |                                                      | Clock  |
Source      | clk (edge) |   Corner   | clk (edge) |   Corner   |Internal Clock(s)                                     | Phase  |
------------+------------+------------+------------+------------+------------------------------------------------------+--------+
CAMB_D_I<0> |    0.980(R)|      FAST  |   -0.012(R)|      SLOW  |vmodcam_0/vmodcam_0/USER_LOGIC_I/Inst_VmodCAM/CamBPClk|   0.000|
CAMB_D_I<1> |    0.935(R)|      FAST  |    0.082(R)|      SLOW  |vmodcam_0/vmodcam_0/USER_LOGIC_I/Inst_VmodCAM/CamBPClk|   0.000|
CAMB_D_I<2> |    0.985(R)|      FAST  |   -0.004(R)|      SLOW  |vmodcam_0/vmodcam_0/USER_LOGIC_I/Inst_VmodCAM/CamBPClk|   0.000|
CAMB_D_I<3> |    1.065(R)|      FAST  |   -0.135(R)|      SLOW  |vmodcam_0/vmodcam_0/USER_LOGIC_I/Inst_VmodCAM/CamBPClk|   0.000|
CAMB_D_I<4> |    0.978(R)|      FAST  |   -0.005(R)|      SLOW  |vmodcam_0/vmodcam_0/USER_LOGIC_I/Inst_VmodCAM/CamBPClk|   0.000|
CAMB_D_I<5> |    0.897(R)|      FAST  |    0.034(R)|      SLOW  |vmodcam_0/vmodcam_0/USER_LOGIC_I/Inst_VmodCAM/CamBPClk|   0.000|
CAMB_D_I<6> |    0.854(R)|      FAST  |    0.157(R)|      SLOW  |vmodcam_0/vmodcam_0/USER_LOGIC_I/Inst_VmodCAM/CamBPClk|   0.000|
CAMB_D_I<7> |    0.636(R)|      FAST  |    0.428(R)|      SLOW  |vmodcam_0/vmodcam_0/USER_LOGIC_I/Inst_VmodCAM/CamBPClk|   0.000|
CAMB_LV_I   |    1.108(R)|      FAST  |   -0.118(R)|      SLOW  |vmodcam_0/vmodcam_0/USER_LOGIC_I/Inst_VmodCAM/CamBPClk|   0.000|
------------+------------+------------+------------+------------+------------------------------------------------------+--------+

Clock to Setup on destination clock CAMA_PCLK_I
---------------+---------+---------+---------+---------+
               | Src:Rise| Src:Fall| Src:Rise| Src:Fall|
Source Clock   |Dest:Rise|Dest:Rise|Dest:Fall|Dest:Fall|
---------------+---------+---------+---------+---------+
CAMA_PCLK_I    |    6.318|         |         |         |
---------------+---------+---------+---------+---------+

Clock to Setup on destination clock CAMB_PCLK_I
---------------+---------+---------+---------+---------+
               | Src:Rise| Src:Fall| Src:Rise| Src:Fall|
Source Clock   |Dest:Rise|Dest:Rise|Dest:Fall|Dest:Fall|
---------------+---------+---------+---------+---------+
CAMB_PCLK_I    |    2.467|         |         |         |
---------------+---------+---------+---------+---------+

Clock to Setup on destination clock GCLK
---------------+---------+---------+---------+---------+
               | Src:Rise| Src:Fall| Src:Rise| Src:Fall|
Source Clock   |Dest:Rise|Dest:Rise|Dest:Fall|Dest:Fall|
---------------+---------+---------+---------+---------+
GCLK           |    9.947|         |         |         |
---------------+---------+---------+---------+---------+

OFFSET = IN 1.25 ns VALID 7.5 ns BEFORE COMP "CAMA_PCLK_I" "RISING";
Worst Case Data Window 1.199; Ideal Clock Offset To Actual Clock 3.005; 
------------------+------------+------------+------------+------------+---------+---------+-------------+
                  |            |  Process   |            |  Process   |  Setup  |  Hold   |Source Offset|
Source            |   Setup    |   Corner   |    Hold    |   Corner   |  Slack  |  Slack  |  To Center  |
------------------+------------+------------+------------+------------+---------+---------+-------------+
CAMA_D_I<0>       |    1.019(R)|      FAST  |   -0.090(R)|      SLOW  |    0.231|    6.340|       -3.055|
CAMA_D_I<1>       |    0.891(R)|      FAST  |    0.068(R)|      SLOW  |    0.359|    6.182|       -2.912|
CAMA_D_I<2>       |    0.920(R)|      FAST  |    0.064(R)|      SLOW  |    0.330|    6.186|       -2.928|
CAMA_D_I<3>       |    0.909(R)|      FAST  |    0.095(R)|      SLOW  |    0.341|    6.155|       -2.907|
CAMA_D_I<4>       |    0.969(R)|      FAST  |    0.031(R)|      SLOW  |    0.281|    6.219|       -2.969|
CAMA_D_I<5>       |    1.030(R)|      FAST  |   -0.042(R)|      SLOW  |    0.220|    6.292|       -3.036|
CAMA_D_I<6>       |    1.031(R)|      FAST  |   -0.121(R)|      SLOW  |    0.219|    6.371|       -3.076|
CAMA_D_I<7>       |    1.104(R)|      FAST  |   -0.267(R)|      SLOW  |    0.146|    6.517|       -3.186|
CAMA_LV_I         |    0.833(R)|      FAST  |    0.067(R)|      SLOW  |    0.417|    6.183|       -2.883|
------------------+------------+------------+------------+------------+---------+---------+-------------+
Worst Case Summary|       1.104|         -  |       0.095|         -  |    0.146|    6.155|             |
------------------+------------+------------+------------+------------+---------+---------+-------------+

OFFSET = IN 1.25 ns VALID 7.5 ns BEFORE COMP "CAMB_PCLK_I" "RISING";
Worst Case Data Window 1.536; Ideal Clock Offset To Actual Clock 2.840; 
------------------+------------+------------+------------+------------+---------+---------+-------------+
                  |            |  Process   |            |  Process   |  Setup  |  Hold   |Source Offset|
Source            |   Setup    |   Corner   |    Hold    |   Corner   |  Slack  |  Slack  |  To Center  |
------------------+------------+------------+------------+------------+---------+---------+-------------+
CAMB_D_I<0>       |    0.980(R)|      FAST  |   -0.012(R)|      SLOW  |    0.270|    6.262|       -2.996|
CAMB_D_I<1>       |    0.935(R)|      FAST  |    0.082(R)|      SLOW  |    0.315|    6.168|       -2.927|
CAMB_D_I<2>       |    0.985(R)|      FAST  |   -0.004(R)|      SLOW  |    0.265|    6.254|       -2.995|
CAMB_D_I<3>       |    1.065(R)|      FAST  |   -0.135(R)|      SLOW  |    0.185|    6.385|       -3.100|
CAMB_D_I<4>       |    0.978(R)|      FAST  |   -0.005(R)|      SLOW  |    0.272|    6.255|       -2.992|
CAMB_D_I<5>       |    0.897(R)|      FAST  |    0.034(R)|      SLOW  |    0.353|    6.216|       -2.932|
CAMB_D_I<6>       |    0.854(R)|      FAST  |    0.157(R)|      SLOW  |    0.396|    6.093|       -2.849|
CAMB_D_I<7>       |    0.636(R)|      FAST  |    0.428(R)|      SLOW  |    0.614|    5.822|       -2.604|
CAMB_LV_I         |    1.108(R)|      FAST  |   -0.118(R)|      SLOW  |    0.142|    6.368|       -3.113|
------------------+------------+------------+------------+------------+---------+---------+-------------+
Worst Case Summary|       1.108|         -  |       0.428|         -  |    0.142|    5.822|             |
------------------+------------+------------+------------+------------+---------+---------+-------------+


Timing summary:
---------------

Timing errors: 0  Score: 0  (Setup/Max: 0, Hold: 0)

Constraints cover 758359 paths, 0 nets, and 39641 connections

Design statistics:
   Minimum period:  29.652ns   (Maximum frequency:  33.725MHz)
   Minimum input required time before clock:   1.108ns


Analysis completed Mon Feb 17 13:24:37 2014 
--------------------------------------------------------------------------------

Trace Settings:
-------------------------
Trace Settings 

Peak Memory Usage: 445 MB



